[dotenv@17.2.3] injecting env (6) from .env -- tip: 👥 sync secrets across teammates & machines: https://dotenvx.com/ops
❌ Cloudinary connection failed: Must supply cloud_name
🚀 Server running on port 5000
📝 Environment: development
🔍 Check username availability: testuser
prisma:query SELECT `main`.`profiles`.`id`, `main`.`profiles`.`user_id`, `main`.`profiles`.`username`, `main`.`profiles`.`display_name`, `main`.`profiles`.`bio`, `main`.`profiles`.`avatar_url`, `main`.`profiles`.`theme_color`, `main`.`profiles`.`is_public`, `main`.`profiles`.`view_count`, `main`.`profiles`.`created_at`, `main`.`profiles`.`updated_at` FROM `main`.`profiles` WHERE (`main`.`profiles`.`username` = ? AND 1=1) LIMIT ? OFFSET ?
[0mGET /api/profile/availability/testuser [32m200[0m 10.070 ms - 42[0m
prisma:query SELECT 1
prisma:query SELECT `main`.`users`.`id`, `main`.`users`.`email`, `main`.`users`.`password_hash`, `main`.`users`.`created_at`, `main`.`users`.`updated_at` FROM `main`.`users` WHERE (`main`.`users`.`email` = ? AND 1=1) LIMIT ? OFFSET ?
prisma:query SELECT `main`.`profiles`.`id`, `main`.`profiles`.`user_id`, `main`.`profiles`.`username`, `main`.`profiles`.`display_name`, `main`.`profiles`.`bio`, `main`.`profiles`.`avatar_url`, `main`.`profiles`.`theme_color`, `main`.`profiles`.`is_public`, `main`.`profiles`.`view_count`, `main`.`profiles`.`created_at`, `main`.`profiles`.`updated_at` FROM `main`.`profiles` WHERE (`main`.`profiles`.`username` = ? AND 1=1) LIMIT ? OFFSET ?
prisma:query BEGIN IMMEDIATE
prisma:query INSERT INTO `main`.`users` (`id`, `email`, `password_hash`, `created_at`, `updated_at`) VALUES (?,?,?,?,?) RETURNING `id` AS `id`
prisma:query INSERT INTO `main`.`profiles` (`id`, `user_id`, `username`, `display_name`, `theme_color`, `is_public`, `view_count`, `created_at`, `updated_at`) VALUES (?,?,?,?,?,?,?,?,?) RETURNING `id` AS `id`
prisma:query SELECT `main`.`users`.`id`, `main`.`users`.`email`, `main`.`users`.`password_hash`, `main`.`users`.`created_at`, `main`.`users`.`updated_at` FROM `main`.`users` WHERE `main`.`users`.`id` = ? LIMIT ? OFFSET ?
prisma:query SELECT `main`.`profiles`.`id`, `main`.`profiles`.`user_id`, `main`.`profiles`.`username`, `main`.`profiles`.`display_name`, `main`.`profiles`.`bio`, `main`.`profiles`.`avatar_url`, `main`.`profiles`.`theme_color`, `main`.`profiles`.`is_public`, `main`.`profiles`.`view_count`, `main`.`profiles`.`created_at`, `main`.`profiles`.`updated_at` FROM `main`.`profiles` WHERE `main`.`profiles`.`user_id` IN (?) LIMIT ? OFFSET ?
prisma:query COMMIT
[0mPOST /api/auth/register [32m201[0m 174.928 ms - 796[0m
🔗 Get links for user: cmuv3gpz10000ktexxor9uvk6
prisma:query SELECT `main`.`profiles`.`id`, `main`.`profiles`.`user_id`, `main`.`profiles`.`username`, `main`.`profiles`.`display_name`, `main`.`profiles`.`bio`, `main`.`profiles`.`avatar_url`, `main`.`profiles`.`theme_color`, `main`.`profiles`.`is_public`, `main`.`profiles`.`view_count`, `main`.`profiles`.`created_at`, `main`.`profiles`.`updated_at` FROM `main`.`profiles` WHERE (`main`.`profiles`.`user_id` = ? AND 1=1) LIMIT ? OFFSET ?
prisma:query SELECT `main`.`links`.`id`, `main`.`links`.`profile_id`, `main`.`links`.`title`, `main`.`links`.`url`, `main`.`links`.`description`, `main`.`links`.`icon_url`, `main`.`links`.`platform_icon`, `main`.`links`.`platform_color`, `main`.`links`.`platform`, `main`.`links`.`is_active`, `main`.`links`.`position`, `main`.`links`.`click_count`, `main`.`links`.`created_at`, `main`.`links`.`updated_at` FROM `main`.`links` WHERE `main`.`links`.`profile_id` IN (?) LIMIT ? OFFSET ?
prisma:query SELECT `main`.`analytics`.`id`, `main`.`analytics`.`profile_id`, `main`.`analytics`.`event`, `main`.`analytics`.`link_id`, `main`.`analytics`.`user_agent`, `main`.`analytics`.`ip_address`, `main`.`analytics`.`referrer`, `main`.`analytics`.`country`, `main`.`analytics`.`created_at` FROM `main`.`analytics` WHERE (`main`.`analytics`.`created_at` >= ? AND `main`.`analytics`.`profile_id` IN (?)) LIMIT ? OFFSET ?
prisma:query SELECT `main`.`profiles`.`id`, `main`.`profiles`.`user_id`, `main`.`profiles`.`username`, `main`.`profiles`.`display_name`, `main`.`profiles`.`bio`, `main`.`profiles`.`avatar_url`, `main`.`profiles`.`theme_color`, `main`.`profiles`.`is_public`, `main`.`profiles`.`view_count`, `main`.`profiles`.`created_at`, `main`.`profiles`.`updated_at` FROM `main`.`profiles` WHERE (`main`.`profiles`.`user_id` = ? AND 1=1) LIMIT ? OFFSET ?
[0mGET /api/analytics/overview [32m200[0m 44.022 ms - 537[0m
[0mGET /api/links [32m200[0m 39.237 ms - 26[0m
prisma:query SELECT `main`.`links`.`id`, `main`.`links`.`profile_id`, `main`.`links`.`title`, `main`.`links`.`url`, `main`.`links`.`description`, `main`.`links`.`icon_url`, `main`.`links`.`platform_icon`, `main`.`links`.`platform_color`, `main`.`links`.`platform`, `main`.`links`.`is_active`, `main`.`links`.`position`, `main`.`links`.`click_count`, `main`.`links`.`created_at`, `main`.`links`.`updated_at` FROM `main`.`links` WHERE `main`.`links`.`profile_id` IN (?) ORDER BY `main`.`links`.`position` ASC LIMIT ? OFFSET ?
🔗 Get links for user: cmuv3gpz10000ktexxor9uvk6
prisma:query SELECT `main`.`profiles`.`id`, `main`.`profiles`.`user_id`, `main`.`profiles`.`username`, `main`.`profiles`.`display_name`, `main`.`profiles`.`bio`, `main`.`profiles`.`avatar_url`, `main`.`profiles`.`theme_color`, `main`.`profiles`.`is_public`, `main`.`profiles`.`view_count`, `main`.`profiles`.`created_at`, `main`.`profiles`.`updated_at` FROM `main`.`profiles` WHERE (`main`.`profiles`.`user_id` = ? AND 1=1) LIMIT ? OFFSET ?
prisma:query SELECT `main`.`links`.`id`, `main`.`links`.`profile_id`, `main`.`links`.`title`, `main`.`links`.`url`, `main`.`links`.`description`, `main`.`links`.`icon_url`, `main`.`links`.`platform_icon`, `main`.`links`.`platform_color`, `main`.`links`.`platform`, `main`.`links`.`is_active`, `main`.`links`.`position`, `main`.`links`.`click_count`, `main`.`links`.`created_at`, `main`.`links`.`updated_at` FROM `main`.`links` WHERE `main`.`links`.`profile_id` IN (?) LIMIT ? OFFSET ?
prisma:query SELECT `main`.`analytics`.`id`, `main`.`analytics`.`profile_id`, `main`.`analytics`.`event`, `main`.`analytics`.`link_id`, `main`.`analytics`.`user_agent`, `main`.`analytics`.`ip_address`, `main`.`analytics`.`referrer`, `main`.`analytics`.`country`, `main`.`analytics`.`created_at` FROM `main`.`analytics` WHERE (`main`.`analytics`.`created_at` >= ? AND `main`.`analytics`.`profile_id` IN (?)) LIMIT ? OFFSET ?
[0mGET /api/analytics/overview [36m304[0m 4.351 ms - -[0m
[0mGET /api/links [36m304[0m 3.503 ms - -[0m
prisma:query SELECT `main`.`profiles`.`id`, `main`.`profiles`.`user_id`, `main`.`profiles`.`username`, `main`.`profiles`.`display_name`, `main`.`profiles`.`bio`, `main`.`profiles`.`avatar_url`, `main`.`profiles`.`theme_color`, `main`.`profiles`.`is_public`, `main`.`profiles`.`view_count`, `main`.`profiles`.`created_at`, `main`.`profiles`.`updated_at` FROM `main`.`profiles` WHERE (`main`.`profiles`.`user_id` = ? AND 1=1) LIMIT ? OFFSET ?
prisma:query SELECT `main`.`links`.`id`, `main`.`links`.`profile_id`, `main`.`links`.`title`, `main`.`links`.`url`, `main`.`links`.`description`, `main`.`links`.`icon_url`, `main`.`links`.`platform_icon`, `main`.`links`.`platform_color`, `main`.`links`.`platform`, `main`.`links`.`is_active`, `main`.`links`.`position`, `main`.`links`.`click_count`, `main`.`links`.`created_at`, `main`.`links`.`updated_at` FROM `main`.`links` WHERE `main`.`links`.`profile_id` IN (?) ORDER BY `main`.`links`.`position` ASC LIMIT ? OFFSET ?
[0mGET /api/auth/me [32m200[0m 3.634 ms - 554[0m
prisma:query SELECT `main`.`users`.`id`, `main`.`users`.`email`, `main`.`users`.`password_hash`, `main`.`users`.`created_at`, `main`.`users`.`updated_at` FROM `main`.`users` WHERE (`main`.`users`.`id` = ? AND 1=1) LIMIT ? OFFSET ?
prisma:query SELECT `main`.`profiles`.`id`, `main`.`profiles`.`user_id`, `main`.`profiles`.`username`, `main`.`profiles`.`display_name`, `main`.`profiles`.`bio`, `main`.`profiles`.`avatar_url`, `main`.`profiles`.`theme_color`, `main`.`profiles`.`is_public`, `main`.`profiles`.`view_count`, `main`.`profiles`.`created_at`, `main`.`profiles`.`updated_at` FROM `main`.`profiles` WHERE `main`.`profiles`.`user_id` IN (?) LIMIT ? OFFSET ?
prisma:query SELECT `main`.`users`.`id`, `main`.`users`.`email`, `main`.`users`.`password_hash`, `main`.`users`.`created_at`, `main`.`users`.`updated_at` FROM `main`.`users` WHERE (`main`.`users`.`id` = ? AND 1=1) LIMIT ? OFFSET ?
prisma:query SELECT `main`.`profiles`.`id`, `main`.`profiles`.`user_id`, `main`.`profiles`.`username`, `main`.`profiles`.`display_name`, `main`.`profiles`.`bio`, `main`.`profiles`.`avatar_url`, `main`.`profiles`.`theme_color`, `main`.`profiles`.`is_public`, `main`.`profiles`.`view_count`, `main`.`profiles`.`created_at`, `main`.`profiles`.`updated_at` FROM `main`.`profiles` WHERE `main`.`profiles`.`user_id` IN (?) LIMIT ? OFFSET ?
[0mGET /api/auth/me [36m304[0m 3.660 ms - -[0m
🔗 Get links for user: cmuv3gpz10000ktexxor9uvk6
prisma:query SELECT `main`.`profiles`.`id`, `main`.`profiles`.`user_id`, `main`.`profiles`.`username`, `main`.`profiles`.`display_name`, `main`.`profiles`.`bio`, `main`.`profiles`.`avatar_url`, `main`.`profiles`.`theme_color`, `main`.`profiles`.`is_public`, `main`.`profiles`.`view_count`, `main`.`profiles`.`created_at`, `main`.`profiles`.`updated_at` FROM `main`.`profiles` WHERE (`main`.`profiles`.`user_id` = ? AND 1=1) LIMIT ? OFFSET ?
prisma:query SELECT `main`.`links`.`id`, `main`.`links`.`profile_id`, `main`.`links`.`title`, `main`.`links`.`url`, `main`.`links`.`description`, `main`.`links`.`icon_url`, `main`.`links`.`platform_icon`, `main`.`links`.`platform_color`, `main`.`links`.`platform`, `main`.`links`.`is_active`, `main`.`links`.`position`, `main`.`links`.`click_count`, `main`.`links`.`created_at`, `main`.`links`.`updated_at` FROM `main`.`links` WHERE `main`.`links`.`profile_id` IN (?) ORDER BY `main`.`links`.`position` ASC LIMIT ? OFFSET ?
[0mGET /api/links [36m304[0m 5.417 ms - -[0m
👤 Get profile for user: cmuv3gpz10000ktexxor9uvk6
prisma:query SELECT `main`.`profiles`.`id`, `main`.`profiles`.`user_id`, `main`.`profiles`.`username`, `main`.`profiles`.`display_name`, `main`.`profiles`.`bio`, `main`.`profiles`.`avatar_url`, `main`.`profiles`.`theme_color`, `main`.`profiles`.`is_public`, `main`.`profiles`.`view_count`, `main`.`profiles`.`created_at`, `main`.`profiles`.`updated_at` FROM `main`.`profiles` WHERE (`main`.`profiles`.`user_id` = ? AND 1=1) LIMIT ? OFFSET ?
prisma:query SELECT `main`.`links`.`id`, `main`.`links`.`profile_id`, `main`.`links`.`title`, `main`.`links`.`url`, `main`.`links`.`description`, `main`.`links`.`icon_url`, `main`.`links`.`platform_icon`, `main`.`links`.`platform_color`, `main`.`links`.`platform`, `main`.`links`.`is_active`, `main`.`links`.`position`, `main`.`links`.`click_count`, `main`.`links`.`created_at`, `main`.`links`.`updated_at` FROM `main`.`links` WHERE `main`.`links`.`profile_id` IN (?) ORDER BY `main`.`links`.`position` ASC LIMIT ? OFFSET ?
[0mGET /api/profile [32m200[0m 4.742 ms - 326[0m
🔗 Get links for user: cmuv3gpz10000ktexxor9uvk6
prisma:query SELECT `main`.`profiles`.`id`, `main`.`profiles`.`user_id`, `main`.`profiles`.`username`, `main`.`profiles`.`display_name`, `main`.`profiles`.`bio`, `main`.`profiles`.`avatar_url`, `main`.`profiles`.`theme_color`, `main`.`profiles`.`is_public`, `main`.`profiles`.`view_count`, `main`.`profiles`.`created_at`, `main`.`profiles`.`updated_at` FROM `main`.`profiles` WHERE (`main`.`profiles`.`user_id` = ? AND 1=1) LIMIT ? OFFSET ?
prisma:query SELECT `main`.`links`.`id`, `main`.`links`.`profile_id`, `main`.`links`.`title`, `main`.`links`.`url`, `main`.`links`.`description`, `main`.`links`.`icon_url`, `main`.`links`.`platform_icon`, `main`.`links`.`platform_color`, `main`.`links`.`platform`, `main`.`links`.`is_active`, `main`.`links`.`position`, `main`.`links`.`click_count`, `main`.`links`.`created_at`, `main`.`links`.`updated_at` FROM `main`.`links` WHERE `main`.`links`.`profile_id` IN (?) ORDER BY `main`.`links`.`position` ASC LIMIT ? OFFSET ?
[0mGET /api/links [36m304[0m 8.371 ms - -[0m
👤 Get profile for user: cmuv3gpz10000ktexxor9uvk6
prisma:query SELECT `main`.`profiles`.`id`, `main`.`profiles`.`user_id`, `main`.`profiles`.`username`, `main`.`profiles`.`display_name`, `main`.`profiles`.`bio`, `main`.`profiles`.`avatar_url`, `main`.`profiles`.`theme_color`, `main`.`profiles`.`is_public`, `main`.`profiles`.`view_count`, `main`.`profiles`.`created_at`, `main`.`profiles`.`updated_at` FROM `main`.`profiles` WHERE (`main`.`profiles`.`user_id` = ? AND 1=1) LIMIT ? OFFSET ?
prisma:query SELECT `main`.`links`.`id`, `main`.`links`.`profile_id`, `main`.`links`.`title`, `main`.`links`.`url`, `main`.`links`.`description`, `main`.`links`.`icon_url`, `main`.`links`.`platform_icon`, `main`.`links`.`platform_color`, `main`.`links`.`platform`, `main`.`links`.`is_active`, `main`.`links`.`position`, `main`.`links`.`click_count`, `main`.`links`.`created_at`, `main`.`links`.`updated_at` FROM `main`.`links` WHERE `main`.`links`.`profile_id` IN (?) ORDER BY `main`.`links`.`position` ASC LIMIT ? OFFSET ?
[0mGET /api/profile [36m304[0m 2.111 ms - -[0m
